  console.log
    Ô£à Appwrite Storage configured: {
      endpoint: 'https://nyc.cloud.appwrite.io/v1',
      bucketId: '697941fe00037e684489'
    }

      at new StorageService (src/storage/storage.service.ts:25:15)
          at async Promise.all (index 3)
          at async Promise.all (index 20)

  console.log
    Ô£à Appwrite Storage configured: {
      endpoint: 'https://nyc.cloud.appwrite.io/v1',
      bucketId: '697941fe00037e684489'
    }

      at new StorageService (src/storage/storage.service.ts:25:15)
          at async Promise.all (index 3)
          at async Promise.all (index 20)

  console.log
    Ô£à Appwrite Storage configured: {
      endpoint: 'https://nyc.cloud.appwrite.io/v1',
      bucketId: '697941fe00037e684489'
    }

      at new StorageService (src/storage/storage.service.ts:25:15)
          at async Promise.all (index 3)
          at async Promise.all (index 20)

  console.log
    [2026-03-24T06:53:30.420Z] INFO Usuario autenticado | {"userId":"cmn49dddl00018r83j5o1230t","email":"manager-test-recipes@test.com","ip":"::ffff:127.0.0.1","action":"LOGIN"}

      at LoggerService.info (src/common/logger/logger.service.ts:28:17)

  console.log
    [2026-03-24T06:53:30.424Z] INFO Usuario autenticado | {"userId":"cmn49ddd30001p5keu1090s7o","email":"baker-test-production@test.com","ip":"::ffff:127.0.0.1","action":"LOGIN"}

      at LoggerService.info (src/common/logger/logger.service.ts:28:17)

  console.log
    [2026-03-24T06:53:31.766Z] INFO Usuario autenticado | {"userId":"cmn49deg80000339lx10osyg7","email":"customer-test-orders@test.com","ip":"::ffff:127.0.0.1","action":"LOGIN"}

      at LoggerService.info (src/common/logger/logger.service.ts:28:17)

  console.log
    [2026-03-24T06:53:33.322Z] INFO Usuario autenticado | {"userId":"cmn49dfmb0005339lloo9j5h3","email":"cashier-test-orders@test.com","ip":"::ffff:127.0.0.1","action":"LOGIN"}

      at LoggerService.info (src/common/logger/logger.service.ts:28:17)

  console.log
    [2026-03-24T06:53:35.608Z] INFO Orden creada | {"orderId":11,"userId":"cmn49deg80000339lx10osyg7","total":11.5,"action":"ORDER_CREATE","resource":"order"}

      at LoggerService.info (src/common/logger/logger.service.ts:28:17)

  console.log
    [2026-03-24T06:53:38.403Z] INFO Orden creada | {"orderId":12,"userId":"cmn49deg80000339lx10osyg7","total":1.5,"action":"ORDER_CREATE","resource":"order"}

      at LoggerService.info (src/common/logger/logger.service.ts:28:17)

  console.log
    [2026-03-24T06:53:41.904Z] INFO Orden creada | {"orderId":13,"userId":"cmn49deg80000339lx10osyg7","total":3,"action":"ORDER_CREATE","resource":"order"}

      at LoggerService.info (src/common/logger/logger.service.ts:28:17)

node.exe : PASS 
test/recipes-rawmaterials.e2e-spec.ts 
(29.684 s)
En C:\nvm4w\nodejs\npx.ps1: 29 Carácter: 3
+   & $NODE_EXE $NPX_CLI_JS $args
+   ~~~~~~~~~~~~~~~~~~~~~~~~~~~~~
    + CategoryInfo          : NotSpecified:  
   (PASS test/recip...c.ts (29.684 s):Strin  
  g) [], RemoteException
    + FullyQualifiedErrorId : NativeCommandE 
   rror
 
  Recipes & Raw Materials (e2e)
    POST /recipes ÔÇö Crear receta con 
ingredientes
      ÔêÜ debe crear receta con ingredientes 
nested (955 ms)
    PATCH /recipes/:id ÔÇö Actualizar receta 
(replace ingredientes)
      ÔêÜ debe reemplazar ingredientes y 
actualizar nombre (2038 ms)
    DELETE /recipes/:id ÔÇö Desactivar 
receta (soft delete)
      ÔêÜ debe poner isActive = false sin 
eliminar de la base de datos (1274 ms)
    GET /recipes ÔÇö Listar solo activas
      ÔêÜ no debe incluir la receta 
desactivada (1224 ms)
    POST /raw-materials/purchase ÔÇö 
Conversi├│n de unidades
      ÔêÜ debe convertir 1 QUINTAL a 100 LB 
y sumar al inventario (933 ms)
    POST /raw-materials/purchase ÔÇö Unidad 
inv├ílida
      ÔêÜ debe retornar 400 con unidad de 
compra no reconocida (9 ms)
    POST /raw-materials + PATCH ÔÇö CRUD 
materia prima
      ÔêÜ debe crear, actualizar y consultar 
materia prima (1242 ms)

  console.log
    [2026-03-24T06:53:45.816Z] INFO Orden entregada/recogida | {"orderId":13,"userId":"cmn49dfmb0005339lloo9j5h3","action":"ORDER_PICKUP","resource":"order"}

      at LoggerService.info (src/common/logger/logger.service.ts:28:17)

PASS test/production.e2e-spec.ts (35.28 s)
  Production Transaction (e2e)
    POST /production ÔÇö Happy Path
      ÔêÜ debe registrar producci├│n: restar 
MP, sumar producto, crear log y movement 
(4190 ms)
    POST /production ÔÇö Validaciones de 
negocio
      ÔêÜ debe retornar 404 con receta 
inexistente (334 ms)
      ÔêÜ debe retornar 400 con receta 
desactivada (681 ms)
      ÔêÜ debe retornar 400 si no hay 
suficiente materia prima (2193 ms)
    POST /production ÔÇö Atomicidad 
(Rollback)
      ÔêÜ si falla por el 2do ingrediente, 
el 1ero NO se descuenta (rollback) (3163 ms)
    GET /production/today
      ÔêÜ debe retornar solo los registros 
de producci├│n de hoy (817 ms)
    POST /production ÔÇö Autorizaci├│n
      ÔêÜ debe rechazar sin token de 
autenticaci├│n (7 ms)

  console.log
    [2026-03-24T06:53:48.583Z] INFO Orden creada | {"orderId":14,"userId":"cmn49deg80000339lx10osyg7","total":4.5,"action":"ORDER_CREATE","resource":"order"}

      at LoggerService.info (src/common/logger/logger.service.ts:28:17)

  console.log
    [2026-03-24T06:53:51.104Z] INFO Orden cancelada | {"orderId":14,"userId":"cmn49deg80000339lx10osyg7","action":"ORDER_CANCEL","resource":"order"}

      at LoggerService.info (src/common/logger/logger.service.ts:28:17)

PASS test/orders.e2e-spec.ts (48.432 s)
  Orders Lifecycle (e2e)
    POST /orders/reserve ÔÇö Reservar orden
      ÔêÜ debe crear orden, calcular 
subtotal y reservar inventario (3519 ms)
    POST /orders/:id/confirm ÔÇö Confirmar 
orden
      ÔêÜ debe cambiar estado de PENDING a 
CONFIRMED (3408 ms)
    POST /orders/:id/pickup ÔÇö Entregar 
orden
      ÔêÜ debe descontar stock f├¡sico + 
reserved y crear StockMovement VENTA (6790 
ms)
    POST /orders/:id/cancel ÔÇö Cancelar 
orden
      ÔêÜ debe liberar reservas y marcar 
como CANCELLED (5284 ms)
    POST /orders/reserve ÔÇö Validaciones
      ÔêÜ debe retornar 400 si stock 
disponible es insuficiente (934 ms)
      ÔêÜ debe retornar 400 con producto 
inexistente (616 ms)
      ÔêÜ debe retornar 404 con sucursal 
inexistente (311 ms)
    POST /orders/reserve ÔÇö Atomicidad
      ÔêÜ si el 2do item no tiene stock, 
nada se reserva (rollback) (2565 ms)

Test Suites: 3 passed, 3 total
Tests:       22 passed, 22 total
Snapshots:   0 total
Time:        49.56 s, estimated 51 s
Ran all test suites matching 
/production|orders|recipes-rawmaterials/i.
